Microchip MPLAB XC8 Compiler V2.32

Linker command line:

-W-3 --edf=C:\Program Files\Microchip\xc8\v2.32\pic\dat\en_msgs.txt -cn \
  -h+dist/default/production\spi_interface_pic.X.production.sym \
  --cmf=dist/default/production\spi_interface_pic.X.production.cmf -z \
  -Q18F4520 -oC:\Users\nandi\AppData\Local\Temp\xcAsjdc.4 \
  --defsym=__MPLAB_BUILD=1 \
  -Mdist/default/production/spi_interface_pic.X.production.map -E1 \
  -ver=XC8 Compiler --acfsm=1493 -ASTACK=080h-05FFh -pstack=STACK \
  -ACODE=00h-07FFFh -ACONST=00h-07FFFh -ASMALLCONST=0600h-06FFhx122 \
  -AMEDIUMCONST=0600h-07FFFh -ACOMRAM=01h-07Fh -AABS1=00h-05FFh \
  -ABIGRAM=01h-05FFh -ARAM=080h-0FFh,0100h-01FFhx5 -ABANK0=080h-0FFh \
  -ABANK1=0100h-01FFh -ABANK2=0200h-02FFh -ABANK3=0300h-03FFh \
  -ABANK4=0400h-04FFh -ABANK5=0500h-05FFh -ASFR=0F80h-0FFFh \
  -ACONFIG=0300000h-030000Dh -AIDLOC=0200000h-0200007h \
  -AEEDATA=0F00000h-0F000FFh -peeprom_data=EEDATA \
  -preset_vec=00h,intcode,intcodelo,powerup,init -pramtop=0600h \
  -psmallconst=SMALLCONST -pmediumconst=MEDIUMCONST -pconst=CONST \
  -AFARRAM=00h-00h \
  -prdata=COMRAM,nvrram=COMRAM,nvbit=COMRAM,rbss=COMRAM,rbit=COMRAM \
  -pfarbss=FARRAM,fardata=FARRAM,nvFARRAM=FARRAM \
  -pintsave_regs=BIGRAM,bigbss=BIGRAM,bigdata=BIGRAM -pbss=RAM \
  -pidata=CODE,irdata=CODE,ibigdata=CODE,ifardata=CODE -prparam=COMRAM \
  C:\Users\nandi\AppData\Local\Temp\xcAsjdc.o \
  dist/default/production\spi_interface_pic.X.production.o 

Object code version is 3.11

Machine type is 18F4520



                Name                               Link     Load   Length Selector   Space Scale
C:\Users\nandi\AppData\Local\Temp\xcAsjdc.o
                idloc                            200000   200000        8        0       5
                config                           300000   300000        E        0       4
                init                                  0        0        4        0       0
dist/default/production\spi_interface_pic.X.production.o
                idloc                            200000   200000        8        0       5
                config                           300000   300000        E        0       4
                text12                             7D08     7D08       18     3E84       0
                text11                             7CDC     7CDC       16     3E6E       0
                text10                             7CF2     7CF2       16     3E79       0
                text9                              7CBC     7CBC        C     3E5E       0
                text8                              7DD4     7DD4       36     3EEA       0
                text7                              7E0A     7E0A       3C     3F05       0
                text6                              7CC8     7CC8       14     3E64       0
                text5                              7D58     7D58       26     3EAC       0
                text4                              7E46     7E46       48     3F23       0
                text3                              7E8E     7E8E       50     3F47       0
                text2                              7D20     7D20       1C     3E90       0
                text1                              7D3C     7D3C       1C     3E9E       0
                text0                              7EDE     7EDE      122     3F6F       0
                cstackCOMRAM                         31       31       12        1       1
                dataCOMRAM                            1        1       30        1       1
                cinit                              7D7E     7D7E       26     3EBF       0
                idataCOMRAM                        7DA4     7DA4       30     7DA4       0

TOTAL           Name                               Link     Load   Length     Space
        CLASS   STACK          

        CLASS   CODE           
                init                                  0        0        4         0
                text12                             7D08     7D08       18         0
                text11                             7CDC     7CDC       16         0
                text10                             7CF2     7CF2       16         0
                text9                              7CBC     7CBC        C         0
                text8                              7DD4     7DD4       36         0
                text7                              7E0A     7E0A       3C         0
                text6                              7CC8     7CC8       14         0
                text5                              7D58     7D58       26         0
                text4                              7E46     7E46       48         0
                text3                              7E8E     7E8E       50         0
                text2                              7D20     7D20       1C         0
                text1                              7D3C     7D3C       1C         0
                text0                              7EDE     7EDE      122         0
                cinit                              7D7E     7D7E       26         0
                idataCOMRAM                        7DA4     7DA4       30         0

        CLASS   CONST          

        CLASS   SMALLCONST     

        CLASS   MEDIUMCONST    

        CLASS   COMRAM         
                cstackCOMRAM                         31       31       12         1
                dataCOMRAM                            1        1       30         1

        CLASS   ABS1           

        CLASS   BIGRAM         

        CLASS   RAM            

        CLASS   BANK0          

        CLASS   BANK1          

        CLASS   BANK2          

        CLASS   BANK3          

        CLASS   BANK4          

        CLASS   BANK5          

        CLASS   SFR            

        CLASS   CONFIG         
                config                           300000   300000        E         4

        CLASS   IDLOC          
                idloc                            200000   200000        8         5

        CLASS   EEDATA         

        CLASS   FARRAM         



SEGMENTS        Name                           Load    Length   Top    Selector   Space  Class

                reset_vec                      000000  000004  000004         0       0  CODE    
                dataCOMRAM                     000001  000042  000043         1       1  COMRAM  
                text9                          007CBC  00000C  007CC8      3E5E       0  CODE    
                text6                          007CC8  000014  007CDC      3E64       0  CODE    
                text11                         007CDC  000016  007CF2      3E6E       0  CODE    
                text10                         007CF2  000016  007D08      3E79       0  CODE    
                text12                         007D08  000018  007D20      3E84       0  CODE    
                text2                          007D20  00001C  007D3C      3E90       0  CODE    
                text1                          007D3C  00001C  007D58      3E9E       0  CODE    
                text5                          007D58  000026  007D7E      3EAC       0  CODE    
                cinit                          007D7E  000026  007DA4      3EBF       0  CODE    
                idataCOMRAM                    007DA4  000030  007DD4      7DA4       0  CODE    
                text8                          007DD4  000036  007E0A      3EEA       0  CODE    
                text7                          007E0A  00003C  007E46      3F05       0  CODE    
                text4                          007E46  000048  007E8E      3F23       0  CODE    
                text3                          007E8E  000050  007EDE      3F47       0  CODE    
                text0                          007EDE  000122  008000      3F6F       0  CODE    


UNUSED ADDRESS RANGES

        Name                Unused          Largest block    Delta
        BANK0            000080-0000FF               80
        BANK1            000100-0001FF              100
        BANK2            000200-0002FF              100
        BANK3            000300-0003FF              100
        BANK4            000400-0004FF              100
        BANK5            000500-0005FF              100
        BIGRAM           000043-0005FF              5BD
        CODE             000004-007CBB             7CB8
        COMRAM           000043-00007F               3D
        CONST            000004-007CBB             7CB8
        EEDATA           F00000-F000FF              100
        MEDIUMCONST      000600-007CBB             76BC
        RAM              000080-0005FF              100
        SFR              000F80-000FFF               80
        SMALLCONST       000600-007CBB              100
        STACK            000080-0005FF              580

                                  Symbol Table

?___wmul                 cstackCOMRAM 000031
EEPROM_busy@busy         cstackCOMRAM 000033
EEPROM_read@address      cstackCOMRAM 000034
EEPROM_read@data         cstackCOMRAM 000036
EEPROM_status@status     cstackCOMRAM 000032
EEPROM_write@address     cstackCOMRAM 000034
EEPROM_write@data        cstackCOMRAM 000036
SPI_read@dummy           cstackCOMRAM 000031
SPI_write@data           cstackCOMRAM 000031
_ADCON1                  (abs)        000FC1
_BF                      (abs)        007E38
_EEPROM_busy             text9        007CBC
_EEPROM_read             text8        007DD4
_EEPROM_status           text10       007CF2
_EEPROM_write            text7        007E0A
_PORTD                   (abs)        000F83
_PORTEbits               (abs)        000F84
_RA5                     (abs)        007C05
_SPI_init                text6        007CC8
_SPI_read                text12       007D08
_SPI_write               text11       007CDC
_SSPBUF                  (abs)        000FC9
_SSPCON1                 (abs)        000FC6
_SSPSTAT                 (abs)        000FC7
_TRISA5                  (abs)        007C95
_TRISC3                  (abs)        007CA3
_TRISC4                  (abs)        007CA4
_TRISC5                  (abs)        007CA5
_TRISD                   (abs)        000F95
_TRISE                   (abs)        000F96
__HRAM                   (abs)        000000
__Habs1                  abs1         000000
__Hbank0                 bank0        000000
__Hbank1                 bank1        000000
__Hbank2                 bank2        000000
__Hbank3                 bank3        000000
__Hbank4                 bank4        000000
__Hbank5                 bank5        000000
__Hbigbss                bigbss       000000
__Hbigdata               bigdata      000000
__Hbigram                bigram       000000
__Hbss                   bss          000000
__Hcinit                 cinit        000000
__Hclrtext               clrtext      000000
__Hcomram                comram       000000
__Hconfig                config       30000E
__Hconst                 const        000000
__HcstackCOMRAM          cstackCOMRAM 000000
__Hdata                  data         000000
__HdataCOMRAM            dataCOMRAM   000000
__Heeprom_data           eeprom_data  000000
__Hfarbss                farbss       000000
__Hfardata               fardata      000000
__Hibigdata              ibigdata     000000
__Hidata                 idata        000000
__HidataCOMRAM           idataCOMRAM  000000
__Hidloc                 idloc        200008
__Hifardata              ifardata     000000
__Hinit                  init         000004
__Hintcode               intcode      000000
__Hintcode_body          intcode_body 000000
__Hintcodelo             intcodelo    000000
__Hintentry              intentry     000000
__Hintret                intret       000000
__Hintsave_regs          intsave_regs 000000
__Hirdata                irdata       000000
__Hmediumconst           mediumconst  000000
__HnvFARRAM              nvFARRAM     000000
__Hnvbit                 nvbit        000000
__Hnvrram                nvrram       000000
__Hparam                 rparam       000000
__Hpowerup               powerup      000000
__Hram                   ram          000000
__Hramtop                ramtop       000600
__Hrbit                  rbit         000000
__Hrbss                  rbss         000000
__Hrdata                 rdata        000000
__Hreset_vec             reset_vec    000000
__Hrparam                rparam       000000
__Hsfr                   sfr          000000
__Hsmallconst            smallconst   000000
__Hspace_0               (abs)        008000
__Hspace_1               (abs)        000043
__Hspace_2               (abs)        000000
__Hspace_4               (abs)        60000E
__Hstack                 stack        000000
__Hstruct                struct       000000
__Htemp                  temp         000000
__Htext                  text         000000
__Htext0                 text0        000000
__Htext1                 text1        000000
__Htext10                text10       000000
__Htext11                text11       000000
__Htext12                text12       000000
__Htext2                 text2        000000
__Htext3                 text3        000000
__Htext4                 text4        000000
__Htext5                 text5        000000
__Htext6                 text6        000000
__Htext7                 text7        000000
__Htext8                 text8        000000
__Htext9                 text9        000000
__LRAM                   (abs)        000001
__Labs1                  abs1         000000
__Lbank0                 bank0        000000
__Lbank1                 bank1        000000
__Lbank2                 bank2        000000
__Lbank3                 bank3        000000
__Lbank4                 bank4        000000
__Lbank5                 bank5        000000
__Lbigbss                bigbss       000000
__Lbigdata               bigdata      000000
__Lbigram                bigram       000000
__Lbss                   bss          000000
__Lcinit                 cinit        000000
__Lclrtext               clrtext      000000
__Lcomram                comram       000000
__Lconfig                config       000000
__Lconst                 const        000000
__LcstackCOMRAM          cstackCOMRAM 000000
__Ldata                  data         000000
__LdataCOMRAM            dataCOMRAM   000000
__Leeprom_data           eeprom_data  000000
__Lfarbss                farbss       000000
__Lfardata               fardata      000000
__Libigdata              ibigdata     000000
__Lidata                 idata        000000
__LidataCOMRAM           idataCOMRAM  000000
__Lidloc                 idloc        000000
__Lifardata              ifardata     000000
__Linit                  init         000000
__Lintcode               intcode      000000
__Lintcode_body          intcode_body 000000
__Lintcodelo             intcodelo    000000
__Lintentry              intentry     000000
__Lintret                intret       000000
__Lintsave_regs          intsave_regs 000000
__Lirdata                irdata       000000
__Lmediumconst           mediumconst  000000
__LnvFARRAM              nvFARRAM     000000
__Lnvbit                 nvbit        000000
__Lnvrram                nvrram       000000
__Lparam                 rparam       000000
__Lpowerup               powerup      000000
__Lram                   ram          000000
__Lramtop                ramtop       000600
__Lrbit                  rbit         000000
__Lrbss                  rbss         000000
__Lrdata                 rdata        000000
__Lreset_vec             reset_vec    000000
__Lrparam                rparam       000000
__Lsfr                   sfr          000000
__Lsmallconst            smallconst   000000
__Lspace_0               (abs)        000000
__Lspace_1               (abs)        000000
__Lspace_2               (abs)        000000
__Lspace_4               (abs)        000000
__Lstack                 stack        000000
__Lstruct                struct       000000
__Ltemp                  temp         000000
__Ltext                  text         000000
__Ltext0                 text0        000000
__Ltext1                 text1        000000
__Ltext10                text10       000000
__Ltext11                text11       000000
__Ltext12                text12       000000
__Ltext2                 text2        000000
__Ltext3                 text3        000000
__Ltext4                 text4        000000
__Ltext5                 text5        000000
__Ltext6                 text6        000000
__Ltext7                 text7        000000
__Ltext8                 text8        000000
__Ltext9                 text9        000000
__S0                     (abs)        008000
__S1                     (abs)        000043
__S2                     (abs)        000000
__S4                     (abs)        000000
__S5                     (abs)        000000
___inthi_sp              stack        000000
___intlo_sp              stack        000000
___param_bank            (abs)        000000
___rparam_used           (abs)        000001
___sp                    stack        000000
___wmul                  text5        007D58
___wmul@multiplicand     cstackCOMRAM 000033
___wmul@multiplier       cstackCOMRAM 000031
___wmul@product          cstackCOMRAM 000035
__accesstop              (abs)        000080
__activetblptr           (abs)        000000
__end_of_EEPROM_busy     text9        007CC8
__end_of_EEPROM_read     text8        007E0A
__end_of_EEPROM_status   text10       007D08
__end_of_EEPROM_write    text7        007E46
__end_of_SPI_init        text6        007CDC
__end_of_SPI_read        text12       007D20
__end_of_SPI_write       text11       007CF2
__end_of___wmul          text5        007D7E
__end_of__initialization cinit        007D9E
__end_of_delay           text4        007E8E
__end_of_lcdcmd          text2        007D3C
__end_of_lcddata         text1        007D58
__end_of_main            text0        008000
__end_of_msdelay         text3        007EDE
__initialization         cinit        007D7E
__mediumconst            mediumconst  000000
__pcinit                 cinit        007D7E
__pcstackCOMRAM          cstackCOMRAM 000031
__pdataCOMRAM            dataCOMRAM   000001
__pidataCOMRAM           idataCOMRAM  007DA4
__ptext0                 text0        007EDE
__ptext1                 text1        007D3C
__ptext10                text10       007CF2
__ptext11                text11       007CDC
__ptext12                text12       007D08
__ptext2                 text2        007D20
__ptext3                 text3        007E8E
__ptext4                 text4        007E46
__ptext5                 text5        007D58
__ptext6                 text6        007CC8
__ptext7                 text7        007E0A
__ptext8                 text8        007DD4
__ptext9                 text9        007CBC
__ramtop                 ramtop       000600
__size_of_EEPROM_busy    (abs)        000000
__size_of_EEPROM_read    (abs)        000000
__size_of_EEPROM_status  (abs)        000000
__size_of_EEPROM_write   (abs)        000000
__size_of_SPI_init       (abs)        000000
__size_of_SPI_read       (abs)        000000
__size_of_SPI_write      (abs)        000000
__size_of___wmul         (abs)        000000
__size_of_delay          (abs)        000000
__size_of_lcdcmd         (abs)        000000
__size_of_lcddata        (abs)        000000
__size_of_main           (abs)        000000
__size_of_msdelay        (abs)        000000
__smallconst             smallconst   000000
_address                 dataCOMRAM   000001
_commands                dataCOMRAM   00002B
_data                    dataCOMRAM   00001D
_delay                   text4        007E46
_lcdcmd                  text2        007D20
_lcddata                 text1        007D3C
_main                    text0        007EDE
_msdelay                 text3        007E8E
delay@nCycles            cstackCOMRAM 000039
delay@nMilliseconds      cstackCOMRAM 000037
end_of_initialization    cinit        007D9E
intlevel0                text         000000
intlevel1                text         000000
intlevel2                text         000000
intlevel3                text         000000
isa$std                  (abs)        000001
isa$xinst                (abs)        000000
lcdcmd@value             cstackCOMRAM 000037
lcddata@value            cstackCOMRAM 000037
main@i                   cstackCOMRAM 000041
main@i_179               cstackCOMRAM 00003D
main@j                   cstackCOMRAM 00003F
msdelay@i                cstackCOMRAM 000033
msdelay@itime            cstackCOMRAM 000031
msdelay@j                cstackCOMRAM 000035
stackhi                  (abs)        0005FF
stacklo                  (abs)        000080
start                    init         000000
start_initialization     cinit        007D7E


MODULE INFORMATION

Module		Function		Class		Link	Load	Size
C:\Program Files\Microchip\xc8\v2.32\pic\sources\c99\common\Umul16.c
		___wmul        		CODE           	7D58	0000	38

C:\Program Files\Microchip\xc8\v2.32\pic\sources\c99\common\Umul16.c estimated size: 38

shared
		__initialization		CODE           	7D7E	0000	32

shared estimated size: 32

spi_read_write.c
		_SPI_read      		CODE           	7D08	0000	24
		_delay         		CODE           	7E46	0000	72
		_SPI_init      		CODE           	7CC8	0000	20
		_EEPROM_read   		CODE           	7DD4	0000	54
		_EEPROM_busy   		CODE           	7CBC	0000	12
		_EEPROM_write  		CODE           	7E0A	0000	60
		_main          		CODE           	7EDE	0000	290
		_lcdcmd        		CODE           	7D20	0000	28
		_EEPROM_status 		CODE           	7CF2	0000	22
		_lcddata       		CODE           	7D3C	0000	28
		_msdelay       		CODE           	7E8E	0000	80
		_SPI_write     		CODE           	7CDC	0000	22

spi_read_write.c estimated size: 712

