Microchip MPLAB XC8 Compiler V2.32

Linker command line:

-W-3 --edf=C:\Program Files\Microchip\xc8\v2.32\pic\dat\en_msgs.txt -cn \
  -h+dist/default/production\spi_interface.X.production.sym \
  --cmf=dist/default/production\spi_interface.X.production.cmf -z -Q18F4520 \
  -oC:\Users\nandi\AppData\Local\Temp\xcAs7cc.4 --defsym=__MPLAB_BUILD=1 \
  -Mdist/default/production/spi_interface.X.production.map -E1 \
  -ver=XC8 Compiler --acfsm=1493 -ASTACK=080h-05FFh -pstack=STACK \
  -ACODE=00h-07FFFh -ACONST=00h-07FFFh -ASMALLCONST=0600h-06FFhx122 \
  -AMEDIUMCONST=0600h-07FFFh -ACOMRAM=01h-07Fh -AABS1=00h-05FFh \
  -ABIGRAM=01h-05FFh -ARAM=080h-0FFh,0100h-01FFhx5 -ABANK0=080h-0FFh \
  -ABANK1=0100h-01FFh -ABANK2=0200h-02FFh -ABANK3=0300h-03FFh \
  -ABANK4=0400h-04FFh -ABANK5=0500h-05FFh -ASFR=0F80h-0FFFh \
  -ACONFIG=0300000h-030000Dh -AIDLOC=0200000h-0200007h \
  -AEEDATA=0F00000h-0F000FFh -peeprom_data=EEDATA \
  -preset_vec=00h,intcode,intcodelo,powerup,init -pramtop=0600h \
  -psmallconst=SMALLCONST -pmediumconst=MEDIUMCONST -pconst=CONST \
  -AFARRAM=00h-00h \
  -prdata=COMRAM,nvrram=COMRAM,nvbit=COMRAM,rbss=COMRAM,rbit=COMRAM \
  -pfarbss=FARRAM,fardata=FARRAM,nvFARRAM=FARRAM \
  -pintsave_regs=BIGRAM,bigbss=BIGRAM,bigdata=BIGRAM -pbss=RAM \
  -pidata=CODE,irdata=CODE,ibigdata=CODE,ifardata=CODE -prparam=COMRAM \
  C:\Users\nandi\AppData\Local\Temp\xcAs7cc.o \
  dist/default/production\spi_interface.X.production.o 

Object code version is 3.11

Machine type is 18F4520



                Name                               Link     Load   Length Selector   Space Scale
C:\Users\nandi\AppData\Local\Temp\xcAs7cc.o
                idloc                            200000   200000        8        0       5
                config                           300000   300000        E        0       4
                init                                  0        0        4        0       0
dist/default/production\spi_interface.X.production.o
                idloc                            200000   200000        8        0       5
                config                           300000   300000        E        0       4
                text9                              7DF4     7DF4       18     3EFA       0
                text8                              7DC8     7DC8       16     3EE4       0
                text7                              7DDE     7DDE       16     3EEF       0
                text6                              7DA8     7DA8        C     3ED4       0
                text5                              7E88     7E88       36     3F44       0
                text4                              7EBE     7EBE       3C     3F5F       0
                text3                              7DB4     7DB4       14     3EDA       0
                text2                              7E0C     7E0C       26     3F06       0
                text1                              7EFA     7EFA       48     3F7D       0
                text0                              7F42     7F42       BE     3FA1       0
                cstackCOMRAM                         31       31       10        1       1
                dataCOMRAM                            1        1       30        1       1
                cinit                              7E32     7E32       26     3F19       0
                idataCOMRAM                        7E58     7E58       30     7E58       0

TOTAL           Name                               Link     Load   Length     Space
        CLASS   STACK          

        CLASS   CODE           
                init                                  0        0        4         0
                text9                              7DF4     7DF4       18         0
                text8                              7DC8     7DC8       16         0
                text7                              7DDE     7DDE       16         0
                text6                              7DA8     7DA8        C         0
                text5                              7E88     7E88       36         0
                text4                              7EBE     7EBE       3C         0
                text3                              7DB4     7DB4       14         0
                text2                              7E0C     7E0C       26         0
                text1                              7EFA     7EFA       48         0
                text0                              7F42     7F42       BE         0
                cinit                              7E32     7E32       26         0
                idataCOMRAM                        7E58     7E58       30         0

        CLASS   CONST          

        CLASS   SMALLCONST     

        CLASS   MEDIUMCONST    

        CLASS   COMRAM         
                cstackCOMRAM                         31       31       10         1
                dataCOMRAM                            1        1       30         1

        CLASS   ABS1           

        CLASS   BIGRAM         

        CLASS   RAM            

        CLASS   BANK0          

        CLASS   BANK1          

        CLASS   BANK2          

        CLASS   BANK3          

        CLASS   BANK4          

        CLASS   BANK5          

        CLASS   SFR            

        CLASS   CONFIG         
                config                           300000   300000        E         4

        CLASS   IDLOC          
                idloc                            200000   200000        8         5

        CLASS   EEDATA         

        CLASS   FARRAM         



SEGMENTS        Name                           Load    Length   Top    Selector   Space  Class

                reset_vec                      000000  000004  000004         0       0  CODE    
                dataCOMRAM                     000001  000040  000041         1       1  COMRAM  
                text6                          007DA8  00000C  007DB4      3ED4       0  CODE    
                text3                          007DB4  000014  007DC8      3EDA       0  CODE    
                text8                          007DC8  000016  007DDE      3EE4       0  CODE    
                text7                          007DDE  000016  007DF4      3EEF       0  CODE    
                text9                          007DF4  000018  007E0C      3EFA       0  CODE    
                text2                          007E0C  000026  007E32      3F06       0  CODE    
                cinit                          007E32  000026  007E58      3F19       0  CODE    
                idataCOMRAM                    007E58  000030  007E88      7E58       0  CODE    
                text5                          007E88  000036  007EBE      3F44       0  CODE    
                text4                          007EBE  00003C  007EFA      3F5F       0  CODE    
                text1                          007EFA  000048  007F42      3F7D       0  CODE    
                text0                          007F42  0000BE  008000      3FA1       0  CODE    


UNUSED ADDRESS RANGES

        Name                Unused          Largest block    Delta
        BANK0            000080-0000FF               80
        BANK1            000100-0001FF              100
        BANK2            000200-0002FF              100
        BANK3            000300-0003FF              100
        BANK4            000400-0004FF              100
        BANK5            000500-0005FF              100
        BIGRAM           000041-0005FF              5BF
        CODE             000004-007DA7             7DA4
        COMRAM           000041-00007F               3F
        CONST            000004-007DA7             7DA4
        EEDATA           F00000-F000FF              100
        MEDIUMCONST      000600-007DA7             77A8
        RAM              000080-0005FF              100
        SFR              000F80-000FFF               80
        SMALLCONST       000600-007DA7              100
        STACK            000080-0005FF              580

                                  Symbol Table

?___wmul                 cstackCOMRAM 000031
EEPROM_busy@busy         cstackCOMRAM 000033
EEPROM_read@address      cstackCOMRAM 000034
EEPROM_read@data         cstackCOMRAM 000036
EEPROM_status@status     cstackCOMRAM 000032
EEPROM_write@address     cstackCOMRAM 000034
EEPROM_write@data        cstackCOMRAM 000036
SPI_read@dummy           cstackCOMRAM 000031
SPI_write@data           cstackCOMRAM 000031
_BF                      (abs)        007E38
_EEPROM_busy             text6        007DA8
_EEPROM_read             text5        007E88
_EEPROM_status           text7        007DDE
_EEPROM_write            text4        007EBE
_PORTD                   (abs)        000F83
_RA5                     (abs)        007C05
_SPI_init                text3        007DB4
_SPI_read                text9        007DF4
_SPI_write               text8        007DC8
_SSPBUF                  (abs)        000FC9
_SSPCON1                 (abs)        000FC6
_SSPSTAT                 (abs)        000FC7
_TRISA5                  (abs)        007C95
_TRISC3                  (abs)        007CA3
_TRISC4                  (abs)        007CA4
_TRISC5                  (abs)        007CA5
_TRISD                   (abs)        000F95
__HRAM                   (abs)        000000
__Habs1                  abs1         000000
__Hbank0                 bank0        000000
__Hbank1                 bank1        000000
__Hbank2                 bank2        000000
__Hbank3                 bank3        000000
__Hbank4                 bank4        000000
__Hbank5                 bank5        000000
__Hbigbss                bigbss       000000
__Hbigdata               bigdata      000000
__Hbigram                bigram       000000
__Hbss                   bss          000000
__Hcinit                 cinit        000000
__Hclrtext               clrtext      000000
__Hcomram                comram       000000
__Hconfig                config       30000E
__Hconst                 const        000000
__HcstackCOMRAM          cstackCOMRAM 000000
__Hdata                  data         000000
__HdataCOMRAM            dataCOMRAM   000000
__Heeprom_data           eeprom_data  000000
__Hfarbss                farbss       000000
__Hfardata               fardata      000000
__Hibigdata              ibigdata     000000
__Hidata                 idata        000000
__HidataCOMRAM           idataCOMRAM  000000
__Hidloc                 idloc        200008
__Hifardata              ifardata     000000
__Hinit                  init         000004
__Hintcode               intcode      000000
__Hintcode_body          intcode_body 000000
__Hintcodelo             intcodelo    000000
__Hintentry              intentry     000000
__Hintret                intret       000000
__Hintsave_regs          intsave_regs 000000
__Hirdata                irdata       000000
__Hmediumconst           mediumconst  000000
__HnvFARRAM              nvFARRAM     000000
__Hnvbit                 nvbit        000000
__Hnvrram                nvrram       000000
__Hparam                 rparam       000000
__Hpowerup               powerup      000000
__Hram                   ram          000000
__Hramtop                ramtop       000600
__Hrbit                  rbit         000000
__Hrbss                  rbss         000000
__Hrdata                 rdata        000000
__Hreset_vec             reset_vec    000000
__Hrparam                rparam       000000
__Hsfr                   sfr          000000
__Hsmallconst            smallconst   000000
__Hspace_0               (abs)        008000
__Hspace_1               (abs)        000041
__Hspace_2               (abs)        000000
__Hspace_4               (abs)        60000E
__Hstack                 stack        000000
__Hstruct                struct       000000
__Htemp                  temp         000000
__Htext                  text         000000
__Htext0                 text0        000000
__Htext1                 text1        000000
__Htext2                 text2        000000
__Htext3                 text3        000000
__Htext4                 text4        000000
__Htext5                 text5        000000
__Htext6                 text6        000000
__Htext7                 text7        000000
__Htext8                 text8        000000
__Htext9                 text9        000000
__LRAM                   (abs)        000001
__Labs1                  abs1         000000
__Lbank0                 bank0        000000
__Lbank1                 bank1        000000
__Lbank2                 bank2        000000
__Lbank3                 bank3        000000
__Lbank4                 bank4        000000
__Lbank5                 bank5        000000
__Lbigbss                bigbss       000000
__Lbigdata               bigdata      000000
__Lbigram                bigram       000000
__Lbss                   bss          000000
__Lcinit                 cinit        000000
__Lclrtext               clrtext      000000
__Lcomram                comram       000000
__Lconfig                config       000000
__Lconst                 const        000000
__LcstackCOMRAM          cstackCOMRAM 000000
__Ldata                  data         000000
__LdataCOMRAM            dataCOMRAM   000000
__Leeprom_data           eeprom_data  000000
__Lfarbss                farbss       000000
__Lfardata               fardata      000000
__Libigdata              ibigdata     000000
__Lidata                 idata        000000
__LidataCOMRAM           idataCOMRAM  000000
__Lidloc                 idloc        000000
__Lifardata              ifardata     000000
__Linit                  init         000000
__Lintcode               intcode      000000
__Lintcode_body          intcode_body 000000
__Lintcodelo             intcodelo    000000
__Lintentry              intentry     000000
__Lintret                intret       000000
__Lintsave_regs          intsave_regs 000000
__Lirdata                irdata       000000
__Lmediumconst           mediumconst  000000
__LnvFARRAM              nvFARRAM     000000
__Lnvbit                 nvbit        000000
__Lnvrram                nvrram       000000
__Lparam                 rparam       000000
__Lpowerup               powerup      000000
__Lram                   ram          000000
__Lramtop                ramtop       000600
__Lrbit                  rbit         000000
__Lrbss                  rbss         000000
__Lrdata                 rdata        000000
__Lreset_vec             reset_vec    000000
__Lrparam                rparam       000000
__Lsfr                   sfr          000000
__Lsmallconst            smallconst   000000
__Lspace_0               (abs)        000000
__Lspace_1               (abs)        000000
__Lspace_2               (abs)        000000
__Lspace_4               (abs)        000000
__Lstack                 stack        000000
__Lstruct                struct       000000
__Ltemp                  temp         000000
__Ltext                  text         000000
__Ltext0                 text0        000000
__Ltext1                 text1        000000
__Ltext2                 text2        000000
__Ltext3                 text3        000000
__Ltext4                 text4        000000
__Ltext5                 text5        000000
__Ltext6                 text6        000000
__Ltext7                 text7        000000
__Ltext8                 text8        000000
__Ltext9                 text9        000000
__S0                     (abs)        008000
__S1                     (abs)        000041
__S2                     (abs)        000000
__S4                     (abs)        000000
__S5                     (abs)        000000
___inthi_sp              stack        000000
___intlo_sp              stack        000000
___param_bank            (abs)        000000
___rparam_used           (abs)        000001
___sp                    stack        000000
___wmul                  text2        007E0C
___wmul@multiplicand     cstackCOMRAM 000033
___wmul@multiplier       cstackCOMRAM 000031
___wmul@product          cstackCOMRAM 000035
__accesstop              (abs)        000080
__activetblptr           (abs)        000000
__end_of_EEPROM_busy     text6        007DB4
__end_of_EEPROM_read     text5        007EBE
__end_of_EEPROM_status   text7        007DF4
__end_of_EEPROM_write    text4        007EFA
__end_of_SPI_init        text3        007DC8
__end_of_SPI_read        text9        007E0C
__end_of_SPI_write       text8        007DDE
__end_of___wmul          text2        007E32
__end_of__initialization cinit        007E52
__end_of_delay           text1        007F42
__end_of_main            text0        008000
__initialization         cinit        007E32
__mediumconst            mediumconst  000000
__pcinit                 cinit        007E32
__pcstackCOMRAM          cstackCOMRAM 000031
__pdataCOMRAM            dataCOMRAM   000001
__pidataCOMRAM           idataCOMRAM  007E58
__ptext0                 text0        007F42
__ptext1                 text1        007EFA
__ptext2                 text2        007E0C
__ptext3                 text3        007DB4
__ptext4                 text4        007EBE
__ptext5                 text5        007E88
__ptext6                 text6        007DA8
__ptext7                 text7        007DDE
__ptext8                 text8        007DC8
__ptext9                 text9        007DF4
__ramtop                 ramtop       000600
__size_of_EEPROM_busy    (abs)        000000
__size_of_EEPROM_read    (abs)        000000
__size_of_EEPROM_status  (abs)        000000
__size_of_EEPROM_write   (abs)        000000
__size_of_SPI_init       (abs)        000000
__size_of_SPI_read       (abs)        000000
__size_of_SPI_write      (abs)        000000
__size_of___wmul         (abs)        000000
__size_of_delay          (abs)        000000
__size_of_main           (abs)        000000
__smallconst             smallconst   000000
_address                 dataCOMRAM   000001
_data                    dataCOMRAM   000021
_delay                   text1        007EFA
_main                    text0        007F42
delay@nCycles            cstackCOMRAM 000039
delay@nMilliseconds      cstackCOMRAM 000037
end_of_initialization    cinit        007E52
intlevel0                text         000000
intlevel1                text         000000
intlevel2                text         000000
intlevel3                text         000000
isa$std                  (abs)        000001
isa$xinst                (abs)        000000
main@i                   cstackCOMRAM 00003F
main@i_67                cstackCOMRAM 00003D
stackhi                  (abs)        0005FF
stacklo                  (abs)        000080
start                    init         000000
start_initialization     cinit        007E32


MODULE INFORMATION

Module		Function		Class		Link	Load	Size
C:\Program Files\Microchip\xc8\v2.32\pic\sources\c99\common\Umul16.c
		___wmul        		CODE           	7E0C	0000	38

C:\Program Files\Microchip\xc8\v2.32\pic\sources\c99\common\Umul16.c estimated size: 38

shared
		__initialization		CODE           	7E32	0000	32

shared estimated size: 32

spi_read_write.c
		_SPI_read      		CODE           	7DF4	0000	24
		_delay         		CODE           	7EFA	0000	72
		_SPI_init      		CODE           	7DB4	0000	20
		_EEPROM_read   		CODE           	7E88	0000	54
		_EEPROM_busy   		CODE           	7DA8	0000	12
		_EEPROM_write  		CODE           	7EBE	0000	60
		_main          		CODE           	7F42	0000	190
		_EEPROM_status 		CODE           	7DDE	0000	22
		_SPI_write     		CODE           	7DC8	0000	22

spi_read_write.c estimated size: 476

